ok - arm binds, refuses duplicates, and retire cleans up
ok - arm refuses a group-writable state root before registering anything
ok - concurrent arms publish exactly one complete watch
ok - a stable true fires the action exactly once and wakes with the outcome
ok - a flapping condition never reaches the action
ok - an action failure wakes with the captured error
ok - a repeatedly erroring condition wakes firstmate instead of firing
ok - an expired deadline wakes with never-true
ok - a late true poll cannot fire after its deadline
ok - action timeouts terminate the complete process group
ok - command output staging stays within its byte bound
ok - a restart after a claimed fire reports ambiguity instead of double-firing
ok - a mutated spec is refused without executing anything
ok - mutated action bytes are refused before claiming the fire
ok - rebind-all refreshes an in-repo watch's trust binding after a self-update and leaves an out-of-repo one alone
ok - rebind-all matches FM_ROOT through a symlinked checkout path
ok - rebind-all reaches a watch whose run process was already polling when the self-update landed
ok - the fire-time reload never observes rebind_one's spec/trust publish mid-rename
ok - an action environment reaches the action and an invalid NAME is refused
ok - a repeat watch rings again after each fire without waking firstmate
ok - retire stops a repeat watch
ok - a failing action ends a repeat watch and wakes firstmate
ok - the watch shape fm-spawn arms rings a task and keeps watching
all fm-procevent-when tests passed
